[02:17:02] PDF library: pdfplumber
[02:17:02] ============================================================
[02:17:02] STARTING PDF EXTRACTION & SUMMARIZATION
[02:17:02] ============================================================
[02:17:02] Time: 2026-05-24T02:17:02.629352
[02:17:02] Output: same folder as source PDFs
[02:17:02] Progress log: /Users/geefrost/Documents/SlothMove/data ปภ/progress.log
[02:17:02] ============================================================
[02:17:02] Processing: E1.นักวิเคราะห์นโยบายและแผนปฏิบัติการ
[02:17:02] ============================================================
[02:17:02] 
[1/7] Processing: 1.แนวข้อสอบ ความรู้เกี่ยวกับการวิเคราะห์นโยบายสาธารณะ การวางแผนและจัดทำโครงการ การต.pdf
[02:17:03]   ✓ Saved: 1.แนวข้อสอบ ความรู้เกี่ยวกับการวิเคราะห์นโยบายสาธารณะ การวางแผนและจัดทำโครงการ การต.pdf.md
[02:17:03]   ✓ Extracted ~26,086 chars, saved to 1.แนวข้อสอบ ความรู้เกี่ยวกับการวิเคราะห์นโยบายสาธารณะ การวางแผนและจัดทำโครงการ การต.pdf.md
[02:17:03] 
[2/7] Processing: 2.(ฉบับเต็ม+สรุป+ปรนัย100+อัยนัย20) แผนพัฒนาเศรษฐกิจและสังคมแห่งชาติ ฉบับที่ 13 (พ.ศ. 2566 - 2570).pdf
[02:17:13]   ✓ Saved: 2.(ฉบับเต็ม+สรุป+ปรนัย100+อัยนัย20) แผนพัฒนาเศรษฐกิจและสังคมแห่งชาติ ฉบับที่ 13 (พ.ศ. 2566 - 2570).pdf.md
[02:17:13]   ✓ Extracted ~389,066 chars, saved to 2.(ฉบับเต็ม+สรุป+ปรนัย100+อัยนัย20) แผนพัฒนาเศรษฐกิจและสังคมแห่งชาติ ฉบับที่ 13 (พ.ศ. 2566 - 2570).pdf.md
[02:17:13] 
[3/7] Processing: 3.แนวข้อสอบ นโยบายรัฐบาล นายอนุทิน ชาญวีรกูล นายกรัฐมนตรี.pdf
[02:17:19]   ✓ Saved: 3.แนวข้อสอบ นโยบายรัฐบาล นายอนุทิน ชาญวีรกูล นายกรัฐมนตรี.pdf.md
[02:17:19]   ✓ Extracted ~146,033 chars, saved to 3.แนวข้อสอบ นโยบายรัฐบาล นายอนุทิน ชาญวีรกูล นายกรัฐมนตรี.pdf.md
[02:17:19] 
[4/7] Processing: 4.(สรุป+ข้อสอบ100+ฉบับเต็ม) ยุทธศาสตร์ชาติ 20 ปี (พ.ศ. 2561 – 2580).pdf
[02:17:26]   ✓ Saved: 4.(สรุป+ข้อสอบ100+ฉบับเต็ม) ยุทธศาสตร์ชาติ 20 ปี (พ.ศ. 2561 – 2580).pdf.md
[02:17:26]   ✓ Extracted ~233,786 chars, saved to 4.(สรุป+ข้อสอบ100+ฉบับเต็ม) ยุทธศาสตร์ชาติ 20 ปี (พ.ศ. 2561 – 2580).pdf.md
[02:17:26] 
[5/7] Processing: 5.(สรุป+ปรนัย100+ฉบับเต็ม+อัตนัย50) พระราชบัญญัติวิธีการงบประมาณ พ.ศ. 2561 .pdf
[02:17:29]   ✓ Saved: 5.(สรุป+ปรนัย100+ฉบับเต็ม+อัตนัย50) พระราชบัญญัติวิธีการงบประมาณ พ.ศ. 2561 .pdf.md
[02:17:29]   ✓ Extracted ~100,006 chars, saved to 5.(สรุป+ปรนัย100+ฉบับเต็ม+อัตนัย50) พระราชบัญญัติวิธีการงบประมาณ พ.ศ. 2561 .pdf.md
[02:17:29] 
[6/7] Processing: 6.(สรุป+ข้อสอบ100+ฉบับเต็ม) พ.ร.บ.ป้องกันและบรรเทาสาธารณภัย พ.ศ. 2550 .pdf
[02:17:32]   ✓ Saved: 6.(สรุป+ข้อสอบ100+ฉบับเต็ม) พ.ร.บ.ป้องกันและบรรเทาสาธารณภัย พ.ศ. 2550 .pdf.md
[02:17:32]   ✓ Extracted ~84,750 chars, saved to 6.(สรุป+ข้อสอบ100+ฉบับเต็ม) พ.ร.บ.ป้องกันและบรรเทาสาธารณภัย พ.ศ. 2550 .pdf.md
[02:17:32] 
[7/7] Processing: 7.(สรุป+ข้อสอบ100+ฉบับเต็ม) ระเบียบกระทรวงการคลัง ว่าด้วยเงินทดรองราชการเพื่อช่วยเหลือผู้ประสบภัยพิบัติกรณีฉุกเฉิน พ.ศ. 2568.pdf
[02:17:34]   ✓ Saved: 7.(สรุป+ข้อสอบ100+ฉบับเต็ม) ระเบียบกระทรวงการคลัง ว่าด้วยเงินทดรองราชการเพื่อช่วยเหลือผู้ประสบภัยพิบัติกรณีฉุกเฉิน พ.ศ. 2568.pdf.md
[02:17:34]   ✓ Extracted ~79,700 chars, saved to 7.(สรุป+ข้อสอบ100+ฉบับเต็ม) ระเบียบกระทรวงการคลัง ว่าด้วยเงินทดรองราชการเพื่อช่วยเหลือผู้ประสบภัยพิบัติกรณีฉุกเฉิน พ.ศ. 2568.pdf.md
[02:17:34] ============================================================
[02:17:34] Processing: ความรู้เกี่ยวกับการปฏิบัติราชการ
[02:17:34] ============================================================
[02:17:34] 
[1/18] Processing: 1.(ตัวเต็ม+สรุป+ปรนัย900) พ.ร.บ.ระเบียบบริหารราชการแผ่นดิน พ.ศ. 2534 และที่แก้ไขเพิ่มเติมถึง(ฉบับที่ 8) พ.ศ. 2553.pdf
[02:17:48]   ✓ Saved: 1.(ตัวเต็ม+สรุป+ปรนัย900) พ.ร.บ.ระเบียบบริหารราชการแผ่นดิน พ.ศ. 2534 และที่แก้ไขเพิ่มเติมถึง(ฉบับที่ 8) พ.ศ. 2553.pdf.md
[02:17:48]   ✓ Extracted ~505,639 chars, saved to 1.(ตัวเต็ม+สรุป+ปรนัย900) พ.ร.บ.ระเบียบบริหารราชการแผ่นดิน พ.ศ. 2534 และที่แก้ไขเพิ่มเติมถึง(ฉบับที่ 8) พ.ศ. 2553.pdf.md
[02:17:48] 
[2/18] Processing: 10.(สรุป+ปรนัย100+ฉบับเต็ม) แผนการป้องกันและบรรเทาสาธารณภัยแห่งชาติ พ.ศ. 2564 - 2570.pdf
[02:18:02]   ✓ Saved: 10.(สรุป+ปรนัย100+ฉบับเต็ม) แผนการป้องกันและบรรเทาสาธารณภัยแห่งชาติ พ.ศ. 2564 - 2570.pdf.md
[02:18:02]   ✓ Extracted ~587,687 chars, saved to 10.(สรุป+ปรนัย100+ฉบับเต็ม) แผนการป้องกันและบรรเทาสาธารณภัยแห่งชาติ พ.ศ. 2564 - 2570.pdf.md
[02:18:02] 
[3/18] Processing: 11.(เนื้อหา+ปรนัย100) ความรู้เบื้องต้นด้านงบประมาณและการเงินการบัญชี.pdf
[02:18:04]   ✓ Saved: 11.(เนื้อหา+ปรนัย100) ความรู้เบื้องต้นด้านงบประมาณและการเงินการบัญชี.pdf.md
[02:18:04]   ✓ Extracted ~63,704 chars, saved to 11.(เนื้อหา+ปรนัย100) ความรู้เบื้องต้นด้านงบประมาณและการเงินการบัญชี.pdf.md
[02:18:04] 
[4/18] Processing: 12.แนวข้อสอบ ความรู้เกี่ยวกับสถานการณ์สาธารณภัยและการบริหารจัดการสาธารณภัยทั้งในระดับประเทศไทยและระดับโลก.pdf
[02:18:04]   ✓ Saved: 12.แนวข้อสอบ ความรู้เกี่ยวกับสถานการณ์สาธารณภัยและการบริหารจัดการสาธารณภัยทั้งในระดับประเทศไทยและระดับโลก.pdf.md
[02:18:04]   ✓ Extracted ~29,018 chars, saved to 12.แนวข้อสอบ ความรู้เกี่ยวกับสถานการณ์สาธารณภัยและการบริหารจัดการสาธารณภัยทั้งในระดับประเทศไทยและระดับโลก.pdf.md
[02:18:04] 
[5/18] Processing: 13.แนวข้อสอบ ความรู้ทั่วไป (การเมือง เศรษฐกิจ และสังคม).pdf
[02:18:06]   ✓ Saved: 13.แนวข้อสอบ ความรู้ทั่วไป (การเมือง เศรษฐกิจ และสังคม).pdf.md
[02:18:06]   ✓ Extracted ~33,635 chars, saved to 13.แนวข้อสอบ ความรู้ทั่วไป (การเมือง เศรษฐกิจ และสังคม).pdf.md
[02:18:06] 
[6/18] Processing: 14.แนวข้อสอบ วิชาภาษาอังกฤษ การอ่านจับใจความ (Reading Comprehension).pdf
[02:18:09]   ✓ Saved: 14.แนวข้อสอบ วิชาภาษาอังกฤษ การอ่านจับใจความ (Reading Comprehension).pdf.md
[02:18:09]   ✓ Extracted ~112,595 chars, saved to 14.แนวข้อสอบ วิชาภาษาอังกฤษ การอ่านจับใจความ (Reading Comprehension).pdf.md
[02:18:09] 
[7/18] Processing: 15.แนวข้อสอบ วิชาภาษาอังกฤษ  คำศัพท์ (Vocabulary).pdf
[02:18:11]   ✓ Saved: 15.แนวข้อสอบ วิชาภาษาอังกฤษ  คำศัพท์ (Vocabulary).pdf.md
[02:18:11]   ✓ Extracted ~49,716 chars, saved to 15.แนวข้อสอบ วิชาภาษาอังกฤษ  คำศัพท์ (Vocabulary).pdf.md
[02:18:11] 
[8/18] Processing: 16.แนวข้อสอบ วิชาภาษาอังกฤษ เรื่อง บทสนทนา (Conversation).pdf
[02:18:14]   ✓ Saved: 16.แนวข้อสอบ วิชาภาษาอังกฤษ เรื่อง บทสนทนา (Conversation).pdf.md
[02:18:14]   ✓ Extracted ~64,914 chars, saved to 16.แนวข้อสอบ วิชาภาษาอังกฤษ เรื่อง บทสนทนา (Conversation).pdf.md
[02:18:14] 
[9/18] Processing: 17.แนวข้อสอบ วิชาภาษาอังกฤษ ไวยากรณ์ (Grammar).pdf
[02:18:16]   ✓ Saved: 17.แนวข้อสอบ วิชาภาษาอังกฤษ ไวยากรณ์ (Grammar).pdf.md
[02:18:16]   ✓ Extracted ~41,073 chars, saved to 17.แนวข้อสอบ วิชาภาษาอังกฤษ ไวยากรณ์ (Grammar).pdf.md
[02:18:16] 
[10/18] Processing: 18.แนวข้อสอบ ความรู้เกี่ยวกับกรมป้องกันและบรรเทาสาธารณภัย.pdf
[02:18:16]   ✓ Saved: 18.แนวข้อสอบ ความรู้เกี่ยวกับกรมป้องกันและบรรเทาสาธารณภัย.pdf.md
[02:18:16]   ✓ Extracted ~30,130 chars, saved to 18.แนวข้อสอบ ความรู้เกี่ยวกับกรมป้องกันและบรรเทาสาธารณภัย.pdf.md
[02:18:16] 
[11/18] Processing: 2.(สรุป+ปรนัย100+ฉบับเต็ม) พ.ร.บ.ปรับปรุงกระทรวง ทบวง กรม พ.ศ. 2545 และที่แก้ไขเพิ่มเติมถึง (ฉบับที่ 20) พ.ศ. 2564.pdf
[02:18:24]   ✓ Saved: 2.(สรุป+ปรนัย100+ฉบับเต็ม) พ.ร.บ.ปรับปรุงกระทรวง ทบวง กรม พ.ศ. 2545 และที่แก้ไขเพิ่มเติมถึง (ฉบับที่ 20) พ.ศ. 2564.pdf.md
[02:18:24]   ✓ Extracted ~203,980 chars, saved to 2.(สรุป+ปรนัย100+ฉบับเต็ม) พ.ร.บ.ปรับปรุงกระทรวง ทบวง กรม พ.ศ. 2545 และที่แก้ไขเพิ่มเติมถึง (ฉบับที่ 20) พ.ศ. 2564.pdf.md
[02:18:24] 
[12/18] Processing: 3.(สรุป+ปรนัย100+ฉบับเต็ม+อัตนัย50) พ.ร.บ.ข้อมูลข่าวสารของราชการ พ.ศ. 2540.pdf
[02:18:28]   ✓ Saved: 3.(สรุป+ปรนัย100+ฉบับเต็ม+อัตนัย50) พ.ร.บ.ข้อมูลข่าวสารของราชการ พ.ศ. 2540.pdf.md
[02:18:28]   ✓ Extracted ~122,688 chars, saved to 3.(สรุป+ปรนัย100+ฉบับเต็ม+อัตนัย50) พ.ร.บ.ข้อมูลข่าวสารของราชการ พ.ศ. 2540.pdf.md
[02:18:28] 
[13/18] Processing: 4.(สรุป+ปรนัย500+ฉบับเต็ม+อัตนัย50) พ.ร.บ.ระเบียบข้าราชการพลเรือน พ.ศ. 2551 และที่แก้ไขเพิ่มเติมถึงฉบับที่ 3 พ.ศ. 2562.pdf
[02:18:38]   ✓ Saved: 4.(สรุป+ปรนัย500+ฉบับเต็ม+อัตนัย50) พ.ร.บ.ระเบียบข้าราชการพลเรือน พ.ศ. 2551 และที่แก้ไขเพิ่มเติมถึงฉบับที่ 3 พ.ศ. 2562.pdf.md
[02:18:38]   ✓ Extracted ~371,535 chars, saved to 4.(สรุป+ปรนัย500+ฉบับเต็ม+อัตนัย50) พ.ร.บ.ระเบียบข้าราชการพลเรือน พ.ศ. 2551 และที่แก้ไขเพิ่มเติมถึงฉบับที่ 3 พ.ศ. 2562.pdf.md
[02:18:38] 
[14/18] Processing: 5.(ฉบับเต็ม+สรุป+ปรนัย400+อัตนัย50) ระเบียบสำนักนายกรัฐมนตรี ว่าด้วยงานสารบรรณ พ.ศ. 2526 และที่แก้ไขเพิ่มเติมถึง (ฉบับที่ 4) พ.ศ. 2564.pdf
[02:18:45]   ✓ Saved: 5.(ฉบับเต็ม+สรุป+ปรนัย400+อัตนัย50) ระเบียบสำนักนายกรัฐมนตรี ว่าด้วยงานสารบรรณ พ.ศ. 2526 และที่แก้ไขเพิ่มเติมถึง (ฉบับที่ 4) พ.ศ. 2564.pdf.md
[02:18:45]   ✓ Extracted ~246,024 chars, saved to 5.(ฉบับเต็ม+สรุป+ปรนัย400+อัตนัย50) ระเบียบสำนักนายกรัฐมนตรี ว่าด้วยงานสารบรรณ พ.ศ. 2526 และที่แก้ไขเพิ่มเติมถึง (ฉบับที่ 4) พ.ศ. 2564.pdf.md
[02:18:45] 
[15/18] Processing: 6.(สรุป+ปรนัย100+ฉบับเต็ม) ระเบียบสำนักนายกรัฐมนตรี ว่าด้วยการบริหารระบบการเตือนภัยพิบัติแห่งชาติ พ.ศ. 2552 และที่แก้ไขเพิ่มเติม (ฉบับที่ 2) พ.ศ. 2562.pdf
[02:18:47]   ✓ Saved: 6.(สรุป+ปรนัย100+ฉบับเต็ม) ระเบียบสำนักนายกรัฐมนตรี ว่าด้วยการบริหารระบบการเตือนภัยพิบัติแห่งชาติ พ.ศ. 2552 และที่แก้ไขเพิ่มเติม (ฉบับที่ 2) พ.ศ. 2562.pdf.md
[02:18:47]   ✓ Extracted ~70,151 chars, saved to 6.(สรุป+ปรนัย100+ฉบับเต็ม) ระเบียบสำนักนายกรัฐมนตรี ว่าด้วยการบริหารระบบการเตือนภัยพิบัติแห่งชาติ พ.ศ. 2552 และที่แก้ไขเพิ่มเติม (ฉบับที่ 2) พ.ศ. 2562.pdf.md
[02:18:47] 
[16/18] Processing: 7.(สรุป+ปรนัย100+ฉบับเต็ม) ระเบียบสำนักนายกรัฐมนตรีว่าด้วยการป้องกันและลดอุบัติเหตุทางถนน พ.ศ. 2554.pdf
[02:18:48]   ✓ Saved: 7.(สรุป+ปรนัย100+ฉบับเต็ม) ระเบียบสำนักนายกรัฐมนตรีว่าด้วยการป้องกันและลดอุบัติเหตุทางถนน พ.ศ. 2554.pdf.md
[02:18:48]   ✓ Extracted ~68,723 chars, saved to 7.(สรุป+ปรนัย100+ฉบับเต็ม) ระเบียบสำนักนายกรัฐมนตรีว่าด้วยการป้องกันและลดอุบัติเหตุทางถนน พ.ศ. 2554.pdf.md
[02:18:48] 
[17/18] Processing: 8.(สรุป+ปรนัย50+ฉบับเต็ม) ระเบียบสำนักนายกรัฐมนตรี ว่าด้วยการป้องกันอุบัติภัยแห่งชาติ พ.ศ. 2564.pdf
[02:18:49]   ✓ Saved: 8.(สรุป+ปรนัย50+ฉบับเต็ม) ระเบียบสำนักนายกรัฐมนตรี ว่าด้วยการป้องกันอุบัติภัยแห่งชาติ พ.ศ. 2564.pdf.md
[02:18:49]   ✓ Extracted ~30,350 chars, saved to 8.(สรุป+ปรนัย50+ฉบับเต็ม) ระเบียบสำนักนายกรัฐมนตรี ว่าด้วยการป้องกันอุบัติภัยแห่งชาติ พ.ศ. 2564.pdf.md
[02:18:49] 
[18/18] Processing: 9.(สรุป+ปรนัย50+ฉบับเต็ม) ระเบียบกระทรวงมหาดไทยว่าด้วยกิจการอาสาสมัครป้องกันภัยฝ่ายพลเรือน พ.ศ. 2553 และฉบับที่ 2 พ.ศ. 2565.pdf
[02:18:52]   ✓ Saved: 9.(สรุป+ปรนัย50+ฉบับเต็ม) ระเบียบกระทรวงมหาดไทยว่าด้วยกิจการอาสาสมัครป้องกันภัยฝ่ายพลเรือน พ.ศ. 2553 และฉบับที่ 2 พ.ศ. 2565.pdf.md
[02:18:52]   ✓ Extracted ~80,373 chars, saved to 9.(สรุป+ปรนัย50+ฉบับเต็ม) ระเบียบกระทรวงมหาดไทยว่าด้วยกิจการอาสาสมัครป้องกันภัยฝ่ายพลเรือน พ.ศ. 2553 และฉบับที่ 2 พ.ศ. 2565.pdf.md
[02:18:52] ============================================================
[02:18:52] Processing: ประกาศ.pdf (root level)
[02:18:52] ============================================================
[02:18:52]   PyPDF2 failed: name 'PyPDF2' is not defined
[02:18:52]   ✓ Saved: ประกาศ.pdf.md
[02:18:52] ============================================================
[02:18:52] PROCESSING COMPLETE
[02:18:52] ============================================================
[02:18:52] 
Total: 26 files | OK: 26 | Skipped: 0 | Errors: 0
[02:20:14] [REVISE] 
============================================================
[02:20:14] [REVISE] STARTING MD REVISION - New Simplified Structure
[02:20:14] [REVISE] Time: 2026-05-24T02:20:14.336382
[02:20:14] [REVISE] ============================================================
[02:20:14] [REVISE] Found 26 .md files to revise
[02:20:14] [REVISE] [1/26] Revising: 1.แนวข้อสอบ ความรู้เกี่ยวกับการวิเคราะห์นโยบายสาธารณะ การวางแผนและจัดทำโครงการ การต.pdf
[02:20:14] [REVISE]   ✓ Saved (4,363 chars)
[02:20:14] [REVISE] [2/26] Revising: 2.(ฉบับเต็ม+สรุป+ปรนัย100+อัยนัย20) แผนพัฒนาเศรษฐกิจและสังคมแห่งชาติ ฉบับที่ 13 (พ.ศ. 2566 - 2570).pdf
[02:20:14] [REVISE]   ✓ Saved (7,656 chars)
[02:20:14] [REVISE] [3/26] Revising: 3.แนวข้อสอบ นโยบายรัฐบาล นายอนุทิน ชาญวีรกูล นายกรัฐมนตรี.pdf
[02:20:14] [REVISE]   ✓ Saved (5,954 chars)
[02:20:14] [REVISE] [4/26] Revising: 4.(สรุป+ข้อสอบ100+ฉบับเต็ม) ยุทธศาสตร์ชาติ 20 ปี (พ.ศ. 2561 – 2580).pdf
[02:20:14] [REVISE]   ✓ Saved (7,466 chars)
[02:20:14] [REVISE] [5/26] Revising: 5.(สรุป+ปรนัย100+ฉบับเต็ม+อัตนัย50) พระราชบัญญัติวิธีการงบประมาณ พ.ศ. 2561 .pdf
[02:20:14] [REVISE]   ✓ Saved (6,370 chars)
[02:20:14] [REVISE] [6/26] Revising: 6.(สรุป+ข้อสอบ100+ฉบับเต็ม) พ.ร.บ.ป้องกันและบรรเทาสาธารณภัย พ.ศ. 2550 .pdf
[02:20:14] [REVISE]   ✓ Saved (5,533 chars)
[02:20:14] [REVISE] [7/26] Revising: 7.(สรุป+ข้อสอบ100+ฉบับเต็ม) ระเบียบกระทรวงการคลัง ว่าด้วยเงินทดรองราชการเพื่อช่วยเหลือผู้ประสบภัยพิบัติกรณีฉุกเฉิน พ.ศ. 2568.pdf
[02:20:14] [REVISE]   ✓ Saved (6,138 chars)
[02:20:14] [REVISE] [8/26] Revising: 1.(ตัวเต็ม+สรุป+ปรนัย900) พ.ร.บ.ระเบียบบริหารราชการแผ่นดิน พ.ศ. 2534 และที่แก้ไขเพิ่มเติมถึง(ฉบับที่ 8) พ.ศ. 2553.pdf
[02:20:14] [REVISE]   ✓ Saved (5,771 chars)
[02:20:14] [REVISE] [9/26] Revising: 10.(สรุป+ปรนัย100+ฉบับเต็ม) แผนการป้องกันและบรรเทาสาธารณภัยแห่งชาติ พ.ศ. 2564 - 2570.pdf
[02:20:14] [REVISE]   ✓ Saved (4,949 chars)
[02:20:14] [REVISE] [10/26] Revising: 11.(เนื้อหา+ปรนัย100) ความรู้เบื้องต้นด้านงบประมาณและการเงินการบัญชี.pdf
[02:20:14] [REVISE]   ✓ Saved (6,671 chars)
[02:20:14] [REVISE] [11/26] Revising: 12.แนวข้อสอบ ความรู้เกี่ยวกับสถานการณ์สาธารณภัยและการบริหารจัดการสาธารณภัยทั้งในระดับประเทศไทยและระดับโลก.pdf
[02:20:14] [REVISE]   ✓ Saved (6,138 chars)
[02:20:14] [REVISE] [12/26] Revising: 13.แนวข้อสอบ ความรู้ทั่วไป (การเมือง เศรษฐกิจ และสังคม).pdf
[02:20:14] [REVISE]   ✓ Saved (5,176 chars)
[02:20:14] [REVISE] [13/26] Revising: 14.แนวข้อสอบ วิชาภาษาอังกฤษ การอ่านจับใจความ (Reading Comprehension).pdf
[02:20:14] [REVISE]   ✓ Saved (4,623 chars)
[02:20:14] [REVISE] [14/26] Revising: 15.แนวข้อสอบ วิชาภาษาอังกฤษ  คำศัพท์ (Vocabulary).pdf
[02:20:14] [REVISE]   ✓ Saved (1,888 chars)
[02:20:14] [REVISE] [15/26] Revising: 16.แนวข้อสอบ วิชาภาษาอังกฤษ เรื่อง บทสนทนา (Conversation).pdf
[02:20:14] [REVISE]   ✓ Saved (2,496 chars)
[02:20:14] [REVISE] [16/26] Revising: 17.แนวข้อสอบ วิชาภาษาอังกฤษ ไวยากรณ์ (Grammar).pdf
[02:20:14] [REVISE]   ✓ Saved (1,767 chars)
[02:20:14] [REVISE] [17/26] Revising: 18.แนวข้อสอบ ความรู้เกี่ยวกับกรมป้องกันและบรรเทาสาธารณภัย.pdf
[02:20:14] [REVISE]   ✓ Saved (5,100 chars)
[02:20:14] [REVISE] [18/26] Revising: 2.(สรุป+ปรนัย100+ฉบับเต็ม) พ.ร.บ.ปรับปรุงกระทรวง ทบวง กรม พ.ศ. 2545 และที่แก้ไขเพิ่มเติมถึง (ฉบับที่ 20) พ.ศ. 2564.pdf
[02:20:14] [REVISE]   ✓ Saved (5,977 chars)
[02:20:14] [REVISE] [19/26] Revising: 3.(สรุป+ปรนัย100+ฉบับเต็ม+อัตนัย50) พ.ร.บ.ข้อมูลข่าวสารของราชการ พ.ศ. 2540.pdf
[02:20:14] [REVISE]   ✓ Saved (5,415 chars)
[02:20:14] [REVISE] [20/26] Revising: 4.(สรุป+ปรนัย500+ฉบับเต็ม+อัตนัย50) พ.ร.บ.ระเบียบข้าราชการพลเรือน พ.ศ. 2551 และที่แก้ไขเพิ่มเติมถึงฉบับที่ 3 พ.ศ. 2562.pdf
[02:20:14] [REVISE]   ✓ Saved (6,049 chars)
[02:20:14] [REVISE] [21/26] Revising: 5.(ฉบับเต็ม+สรุป+ปรนัย400+อัตนัย50) ระเบียบสำนักนายกรัฐมนตรี ว่าด้วยงานสารบรรณ พ.ศ. 2526 และที่แก้ไขเพิ่มเติมถึง (ฉบับที่ 4) พ.ศ. 2564.pdf
[02:20:14] [REVISE]   ✓ Saved (6,663 chars)
[02:20:14] [REVISE] [22/26] Revising: 6.(สรุป+ปรนัย100+ฉบับเต็ม) ระเบียบสำนักนายกรัฐมนตรี ว่าด้วยการบริหารระบบการเตือนภัยพิบัติแห่งชาติ พ.ศ. 2552 และที่แก้ไขเพิ่มเติม (ฉบับที่ 2) พ.ศ. 2562.pdf
[02:20:14] [REVISE]   ✓ Saved (6,615 chars)
[02:20:14] [REVISE] [23/26] Revising: 7.(สรุป+ปรนัย100+ฉบับเต็ม) ระเบียบสำนักนายกรัฐมนตรีว่าด้วยการป้องกันและลดอุบัติเหตุทางถนน พ.ศ. 2554.pdf
[02:20:14] [REVISE]   ✓ Saved (5,559 chars)
[02:20:14] [REVISE] [24/26] Revising: 8.(สรุป+ปรนัย50+ฉบับเต็ม) ระเบียบสำนักนายกรัฐมนตรี ว่าด้วยการป้องกันอุบัติภัยแห่งชาติ พ.ศ. 2564.pdf
[02:20:14] [REVISE]   ✓ Saved (5,992 chars)
[02:20:14] [REVISE] [25/26] Revising: 9.(สรุป+ปรนัย50+ฉบับเต็ม) ระเบียบกระทรวงมหาดไทยว่าด้วยกิจการอาสาสมัครป้องกันภัยฝ่ายพลเรือน พ.ศ. 2553 และฉบับที่ 2 พ.ศ. 2565.pdf
[02:20:14] [REVISE]   ✓ Saved (5,982 chars)
[02:20:14] [REVISE] [26/26] Revising: ประกาศ.pdf
[02:20:14] [REVISE]   ✓ Saved (259 chars)
[02:20:14] [REVISE] 
============================================================
[02:20:14] [REVISE] Complete: 26 files | OK: 26 | Errors: 0
[02:20:14] [REVISE] ============================================================
